test_assembly_renders (test_mace.TestCad.test_assembly_renders) ... ok
test_defaults (test_mace.TestCad.test_defaults) ... ok
test_invalid_fit_rejected (test_mace.TestCad.test_invalid_fit_rejected) ... ok
test_measured_sizes (test_mace.TestCad.test_measured_sizes) ... ok
test_missing_tool (test_mace.TestCad.test_missing_tool) ... ok
test_profile (test_mace.TestCad.test_profile) ... ok
test_scaled_stations_fixed_lands (test_mace.TestCad.test_scaled_stations_fixed_lands) ... ok
test_short_blade_rejected (test_mace.TestCad.test_short_blade_rejected) ... ok
test_stale_output_rejected (test_mace.TestCad.test_stale_output_rejected) ... ok
test_unknown_and_nonfinite_overrides (test_mace.TestCad.test_unknown_and_nonfinite_overrides) ... ok
test_zero_exit_error_rejected (test_mace.TestCad.test_zero_exit_error_rejected) ... ok
test_band_reference_corruption (test_mace.TestExports.test_band_reference_corruption) ... ok
test_bore_size_corruption (test_mace.TestExports.test_bore_size_corruption) ... ok
test_default_exports (test_mace.TestExports.test_default_exports) ... ok
test_missing_pdf_tool (test_mace.TestExports.test_missing_pdf_tool) ... ok
test_page_count_changes (test_mace.TestExports.test_page_count_changes) ... ok
test_paths_and_cwd (test_mace.TestExports.test_paths_and_cwd) ... ok
test_pdf_scale_corruption (test_mace.TestExports.test_pdf_scale_corruption) ... ok
test_stations_on_pages (test_mace.TestExports.test_stations_on_pages) ... ok
test_stl_contamination (test_mace.TestExports.test_stl_contamination) ... ok
test_svg_scale_corruption (test_mace.TestExports.test_svg_scale_corruption) ... ok
test_unowned_collision_not_overwritten (test_mace.TestExports.test_unowned_collision_not_overwritten) ... ok
test_unsafe_manifest_paths (test_mace.TestExports.test_unsafe_manifest_paths) ... ok
test_wide_head_labels_fit (test_mace.TestExports.test_wide_head_labels_fit) ... ok

----------------------------------------------------------------------
Ran 24 tests in 17.747s

OK
